// Jest Snapshot v1, https://goo.gl/fbAQLP

exports[`StartFlowComp render should render flow name 1`] = `
<body>
  <div>
    <div
      class="node_asset"
    >
      <div
        style="display: inline-flex;"
      >
        <temba-icon
          classname="node_group"
          name="flow"
          style="margin-right: 4px;"
        />
        <a
          href="/flow/editor/763e4844-3e1b-407a-a1b5-5fdfcd308b41"
          rel="noopener noreferrer"
          target="_blank"
        >
          Colors
        </a>
      </div>
    </div>
  </div>
</body>
`;
