// Jest Snapshot v1, https://goo.gl/fbAQLP

exports[`Flow helpers getDragStyle should return style object for drag selection box 1`] = `
Object {
  "height": 211,
  "left": 270,
  "top": 91,
  "width": 230,
}
`;

exports[`Flow instance methods onConnectorDrop should do NodeEditor work if the user is not dragging back 1`] = `
Array [
  "46e8d603-8e5d-4435-97dd-1333291aafca:8653ac06-00ba-4890-a79f-d30f3a55193b",
  "70c57f31-98f7-4095-b85f-d146216d6605",
]
`;

exports[`Flow instance methods onConnectorDrop should do NodeEditor work if the user is not dragging back 2`] = `
Array [
  Object {
    "originalAction": Object {
      "text": "",
      "type": "send_msg",
      "uuid": "a34902cb-b0f9-4f2f-b6df-72f0b4427761",
    },
    "originalNode": Object {
      "ghost": true,
      "inboundConnections": Object {
        "8653ac06-00ba-4890-a79f-d30f3a55193b": "46e8d603-8e5d-4435-97dd-1333291aafca",
      },
      "node": Object {
        "actions": Array [
          Object {
            "text": "",
            "type": "send_msg",
            "uuid": "a34902cb-b0f9-4f2f-b6df-72f0b4427761",
          },
        ],
        "exits": Array [
          Object {
            "destination_uuid": null,
            "uuid": "d84bf916-0d8b-48b6-a352-f0ad96df7b76",
          },
        ],
        "uuid": "70c57f31-98f7-4095-b85f-d146216d6605",
      },
      "ui": Object {
        "position": Object {
          "left": 0,
          "top": 0,
        },
        "type": "execute_actions",
      },
    },
  },
]
`;

exports[`Flow render should render NodeEditor 1`] = `
Object {
  "helpArticles": Object {},
  "plumberConnectExit": [MockFunction],
}
`;

exports[`Flow render should render Simulator 1`] = `
Object {
  "mergeEditorState": [MockFunction],
  "onToggled": [Function],
  "popped": null,
}
`;
