// Jest Snapshot v1, https://goo.gl/fbAQLP

exports[`DialRouterForm should render 1`] = `
<body>
  <div>
    <div
      class="dialog"
    >
      <div
        class="header wait_for_dial"
      >
        <div
          class="title_container"
        >
          <div
            style="flex-grow: 1;"
          >
            <div
              class="title"
            >
              Wait for Forwarded Call
            </div>
            <div
              class="subtitle"
            />
          </div>
          <div
            class="tabs"
          >
            <div
              class="tab "
              style="display: flex;"
            >
              <div>
                Advanced
              </div>
            </div>
          </div>
        </div>
      </div>
      <div
        class="content"
      >
        <div
          class=" type_list"
        >
          <p>
            When a contact arrives at this point in your flow...
          </p>
          <div>
            <div
              class="normal "
            >
              <temba-select
                data-testid="temba_select_type"
                errors="[]"
                expressions=""
                name="type"
                namekey="description"
                searchable="true"
                valuekey="type"
                values="[{\\"type\\":\\"wait_for_dial\\",\\"name\\":\\"Wait for Forwarded Call\\",\\"description\\":\\"Wait for forwarded call to someone else\\",\\"visibility\\":[\\"voice\\"]}]"
              />
            </div>
          </div>
        </div>
        <p>
          Enter the phone number to dial
        </p>
        <div
          class="ele"
        >
          <div
            class="wrapper normal"
          >
            <input
              data-testid="phone"
              name="phone"
              placeholder="Phone Number"
              value="0979123456"
            />
          </div>
        </div>
        <div
          class="optional_text_input"
        >
          <div
            class="ele"
          >
            <div
              class="label"
            >
              Result Name
            </div>
            <div
              class="wrapper normal"
            >
              <input
                data-testid="Result Name"
                name="Result Name"
                value="Dial Result"
              />
            </div>
            <div
              class="help_text"
            >
              By naming the result, you can reference it later using @results.dial_result
               
            </div>
          </div>
        </div>
      </div>
      <div
        class="footer"
      >
        <div
          class="buttons"
        >
          <div
            class="right_buttons"
          >
            <div
              class="btn secondary  "
              style="display: inline-flex; margin-left: 0px; margin-top: 0px;"
            >
              <div
                style="margin-bottom: 0px;"
              >
                Cancel
              </div>
            </div>
            <div
              class="btn primary  "
              style="display: inline-flex; margin-left: 10px; margin-top: 0px;"
            >
              <div
                style="margin-bottom: 0px;"
              >
                Ok
              </div>
            </div>
          </div>
        </div>
      </div>
    </div>
  </div>
</body>
`;

exports[`DialRouterForm should update wait when call limit is changed 1`] = `
Array [
  Object {
    "inboundConnections": Object {},
    "node": Object {
      "actions": Array [],
      "exits": Array [
        Object {
          "uuid": "e0bc3776-792f-49d2-b4be-48be2cf8159a",
        },
        Object {
          "uuid": "a62e8284-49f8-4292-adbc-d5f6607f85c5",
        },
        Object {
          "uuid": "9adce29f-da95-4182-9cb3-0f1e3bf714e5",
        },
        Object {
          "uuid": "00dd2423-0a34-4ee2-b97d-839fb2d593ef",
        },
        Object {
          "uuid": "f05fa107-03db-4315-a211-53da63603e6f",
        },
        Object {
          "uuid": "e81b3f1a-0863-4418-8a72-9c9f8aa72b7c",
        },
      ],
      "router": Object {
        "cases": Array [
          Object {
            "arguments": Array [
              "answered",
            ],
            "category_uuid": "6c22884b-0e35-4206-982e-18320691eda9",
            "type": "has_only_text",
            "uuid": "477ac8b4-25e2-483a-8686-2d1332c4da1c",
          },
          Object {
            "arguments": Array [
              "no answer",
            ],
            "category_uuid": "0c8c9239-9b59-473a-a229-d8a9693be270",
            "type": "has_only_text",
            "uuid": "132de855-4042-4dc1-a18f-cc2e6a8f790a",
          },
          Object {
            "arguments": Array [
              "busy",
            ],
            "category_uuid": "6b59e863-2e14-442b-9987-aaa284871b8e",
            "type": "has_only_text",
            "uuid": "42ebf1d0-a43e-4ba6-9577-c863b20c88c4",
          },
          Object {
            "arguments": Array [
              "failed",
            ],
            "category_uuid": "c5722340-f7e1-4d99-ac5e-3a6e59845111",
            "type": "has_only_text",
            "uuid": "e67ce051-f3e4-4c42-807b-e393df5fa382",
          },
        ],
        "categories": Array [
          Object {
            "exit_uuid": "e0bc3776-792f-49d2-b4be-48be2cf8159a",
            "name": "Answered",
            "uuid": "6c22884b-0e35-4206-982e-18320691eda9",
          },
          Object {
            "exit_uuid": "a62e8284-49f8-4292-adbc-d5f6607f85c5",
            "name": "No Answer",
            "uuid": "0c8c9239-9b59-473a-a229-d8a9693be270",
          },
          Object {
            "exit_uuid": "9adce29f-da95-4182-9cb3-0f1e3bf714e5",
            "name": "Busy",
            "uuid": "6b59e863-2e14-442b-9987-aaa284871b8e",
          },
          Object {
            "exit_uuid": "00dd2423-0a34-4ee2-b97d-839fb2d593ef",
            "name": "Failed",
            "uuid": "c5722340-f7e1-4d99-ac5e-3a6e59845111",
          },
          Object {
            "exit_uuid": "f05fa107-03db-4315-a211-53da63603e6f",
            "name": "Other",
            "uuid": "141e0356-9fdd-47d3-a12d-16efc5b45276",
          },
          Object {
            "exit_uuid": "e81b3f1a-0863-4418-8a72-9c9f8aa72b7c",
            "name": "No Response",
            "uuid": "1888ae1f-2518-4727-98e2-731674e1760e",
          },
        ],
        "default_category_uuid": "1888ae1f-2518-4727-98e2-731674e1760e",
        "operand": "@(default(resume.dial.status, \\"\\"))",
        "result_name": "Dial Result",
        "type": "switch",
        "wait": Object {
          "call_limit_seconds": 7200,
          "dial_limit_seconds": 60,
          "phone": "0979123456",
          "type": "dial",
        },
      },
      "uuid": "dd57500e-a8e8-4a98-8b5b-a33637523a8d",
    },
    "ui": Object {
      "config": Object {},
      "position": null,
      "type": "wait_for_dial",
    },
  },
]
`;

exports[`DialRouterForm should update wait when dial limit is changed 1`] = `
Array [
  Object {
    "inboundConnections": Object {},
    "node": Object {
      "actions": Array [],
      "exits": Array [
        Object {
          "uuid": "e0bc3776-792f-49d2-b4be-48be2cf8159a",
        },
        Object {
          "uuid": "a62e8284-49f8-4292-adbc-d5f6607f85c5",
        },
        Object {
          "uuid": "9adce29f-da95-4182-9cb3-0f1e3bf714e5",
        },
        Object {
          "uuid": "00dd2423-0a34-4ee2-b97d-839fb2d593ef",
        },
        Object {
          "uuid": "f05fa107-03db-4315-a211-53da63603e6f",
        },
        Object {
          "uuid": "e81b3f1a-0863-4418-8a72-9c9f8aa72b7c",
        },
      ],
      "router": Object {
        "cases": Array [
          Object {
            "arguments": Array [
              "answered",
            ],
            "category_uuid": "6c22884b-0e35-4206-982e-18320691eda9",
            "type": "has_only_text",
            "uuid": "477ac8b4-25e2-483a-8686-2d1332c4da1c",
          },
          Object {
            "arguments": Array [
              "no answer",
            ],
            "category_uuid": "0c8c9239-9b59-473a-a229-d8a9693be270",
            "type": "has_only_text",
            "uuid": "132de855-4042-4dc1-a18f-cc2e6a8f790a",
          },
          Object {
            "arguments": Array [
              "busy",
            ],
            "category_uuid": "6b59e863-2e14-442b-9987-aaa284871b8e",
            "type": "has_only_text",
            "uuid": "42ebf1d0-a43e-4ba6-9577-c863b20c88c4",
          },
          Object {
            "arguments": Array [
              "failed",
            ],
            "category_uuid": "c5722340-f7e1-4d99-ac5e-3a6e59845111",
            "type": "has_only_text",
            "uuid": "e67ce051-f3e4-4c42-807b-e393df5fa382",
          },
        ],
        "categories": Array [
          Object {
            "exit_uuid": "e0bc3776-792f-49d2-b4be-48be2cf8159a",
            "name": "Answered",
            "uuid": "6c22884b-0e35-4206-982e-18320691eda9",
          },
          Object {
            "exit_uuid": "a62e8284-49f8-4292-adbc-d5f6607f85c5",
            "name": "No Answer",
            "uuid": "0c8c9239-9b59-473a-a229-d8a9693be270",
          },
          Object {
            "exit_uuid": "9adce29f-da95-4182-9cb3-0f1e3bf714e5",
            "name": "Busy",
            "uuid": "6b59e863-2e14-442b-9987-aaa284871b8e",
          },
          Object {
            "exit_uuid": "00dd2423-0a34-4ee2-b97d-839fb2d593ef",
            "name": "Failed",
            "uuid": "c5722340-f7e1-4d99-ac5e-3a6e59845111",
          },
          Object {
            "exit_uuid": "f05fa107-03db-4315-a211-53da63603e6f",
            "name": "Other",
            "uuid": "141e0356-9fdd-47d3-a12d-16efc5b45276",
          },
          Object {
            "exit_uuid": "e81b3f1a-0863-4418-8a72-9c9f8aa72b7c",
            "name": "No Response",
            "uuid": "1888ae1f-2518-4727-98e2-731674e1760e",
          },
        ],
        "default_category_uuid": "1888ae1f-2518-4727-98e2-731674e1760e",
        "operand": "@(default(resume.dial.status, \\"\\"))",
        "result_name": "Dial Result",
        "type": "switch",
        "wait": Object {
          "call_limit_seconds": 7200,
          "dial_limit_seconds": 60,
          "phone": "0979123456",
          "type": "dial",
        },
      },
      "uuid": "dd57500e-a8e8-4a98-8b5b-a33637523a8d",
    },
    "ui": Object {
      "config": Object {},
      "position": null,
      "type": "wait_for_dial",
    },
  },
]
`;

exports[`DialRouterForm should update wait when phone number is changed 1`] = `
Array [
  Object {
    "inboundConnections": Object {},
    "node": Object {
      "actions": Array [],
      "exits": Array [
        Object {
          "uuid": "e0bc3776-792f-49d2-b4be-48be2cf8159a",
        },
        Object {
          "uuid": "a62e8284-49f8-4292-adbc-d5f6607f85c5",
        },
        Object {
          "uuid": "9adce29f-da95-4182-9cb3-0f1e3bf714e5",
        },
        Object {
          "uuid": "00dd2423-0a34-4ee2-b97d-839fb2d593ef",
        },
        Object {
          "uuid": "f05fa107-03db-4315-a211-53da63603e6f",
        },
        Object {
          "uuid": "e81b3f1a-0863-4418-8a72-9c9f8aa72b7c",
        },
      ],
      "router": Object {
        "cases": Array [
          Object {
            "arguments": Array [
              "answered",
            ],
            "category_uuid": "6c22884b-0e35-4206-982e-18320691eda9",
            "type": "has_only_text",
            "uuid": "477ac8b4-25e2-483a-8686-2d1332c4da1c",
          },
          Object {
            "arguments": Array [
              "no answer",
            ],
            "category_uuid": "0c8c9239-9b59-473a-a229-d8a9693be270",
            "type": "has_only_text",
            "uuid": "132de855-4042-4dc1-a18f-cc2e6a8f790a",
          },
          Object {
            "arguments": Array [
              "busy",
            ],
            "category_uuid": "6b59e863-2e14-442b-9987-aaa284871b8e",
            "type": "has_only_text",
            "uuid": "42ebf1d0-a43e-4ba6-9577-c863b20c88c4",
          },
          Object {
            "arguments": Array [
              "failed",
            ],
            "category_uuid": "c5722340-f7e1-4d99-ac5e-3a6e59845111",
            "type": "has_only_text",
            "uuid": "e67ce051-f3e4-4c42-807b-e393df5fa382",
          },
        ],
        "categories": Array [
          Object {
            "exit_uuid": "e0bc3776-792f-49d2-b4be-48be2cf8159a",
            "name": "Answered",
            "uuid": "6c22884b-0e35-4206-982e-18320691eda9",
          },
          Object {
            "exit_uuid": "a62e8284-49f8-4292-adbc-d5f6607f85c5",
            "name": "No Answer",
            "uuid": "0c8c9239-9b59-473a-a229-d8a9693be270",
          },
          Object {
            "exit_uuid": "9adce29f-da95-4182-9cb3-0f1e3bf714e5",
            "name": "Busy",
            "uuid": "6b59e863-2e14-442b-9987-aaa284871b8e",
          },
          Object {
            "exit_uuid": "00dd2423-0a34-4ee2-b97d-839fb2d593ef",
            "name": "Failed",
            "uuid": "c5722340-f7e1-4d99-ac5e-3a6e59845111",
          },
          Object {
            "exit_uuid": "f05fa107-03db-4315-a211-53da63603e6f",
            "name": "Other",
            "uuid": "141e0356-9fdd-47d3-a12d-16efc5b45276",
          },
          Object {
            "exit_uuid": "e81b3f1a-0863-4418-8a72-9c9f8aa72b7c",
            "name": "No Response",
            "uuid": "1888ae1f-2518-4727-98e2-731674e1760e",
          },
        ],
        "default_category_uuid": "1888ae1f-2518-4727-98e2-731674e1760e",
        "operand": "@(default(resume.dial.status, \\"\\"))",
        "result_name": "Dial Result",
        "type": "switch",
        "wait": Object {
          "call_limit_seconds": 7200,
          "dial_limit_seconds": 60,
          "phone": "0979123456",
          "type": "dial",
        },
      },
      "uuid": "dd57500e-a8e8-4a98-8b5b-a33637523a8d",
    },
    "ui": Object {
      "config": Object {},
      "position": null,
      "type": "wait_for_dial",
    },
  },
]
`;
