// Jest Snapshot v1, https://goo.gl/fbAQLP

exports[`SendMsgComp render should render placeholder when text prop isn't passed 1`] = `
<div
  className="placeholder"
>
  Send a message to the contact
</div>
`;

exports[`SendMsgComp render should render text prop when passed 1`] = `
<Fragment>
  <div>
    <div
      className="line"
      key="763e4844-3e1b-407a-a1b5-5fdfcd308b410"
    >
      Hey!
    </div>
  </div>
  <div
    className="summary"
  />
</Fragment>
`;
